// Bun Snapshot v1, https://bun.sh/docs/test/snapshots

exports[`bundle source map fidelity every sampled declaration resolves to a real, non-ephemeral source file (snapshot) 1`] = `
"ACTIVITIES_SET → ../../src/arguments/generated/_registry/activities.ts
ADVANCEMENTS_SET → ../../src/arguments/generated/_registry/advancements.ts
ATLASES_SET → ../../src/arguments/generated/_registry/atlases.ts
ATTACH_CHILD_NAME → ../../src/flow/async/attach.ts
ATTRIBUTES_SET → ../../src/arguments/generated/_registry/attributes.ts
ATTRIBUTE_TYPES_SET → ../../src/arguments/generated/_registry/attribute_types.ts
Advancement → ../../src/pack/pack.ts
AdvancementArgumentsCommand → ../../src/commands/implementations/player/advancement.ts
AdvancementClass → ../../src/core/resources/datapack/advancement.ts
AdvancementCommand → ../../src/commands/implementations/player/advancement.ts
AdvancementCommandNode → ../../src/commands/implementations/player/advancement.ts
AdvancementConditionNode → ../../src/flow/conditions/resources/advancement.ts
AdvancementNode → ../../src/core/resources/datapack/advancement.ts
AndNode → ../../src/flow/conditions/and.ts
Atlas → ../../src/pack/pack.ts
AtlasClass → ../../src/core/resources/resourcepack/atlas.ts
AtlasNode → ../../src/core/resources/resourcepack/atlas.ts
AttachClass → ../../src/flow/async/attach.ts
AttributeCommand → ../../src/commands/implementations/entity/attribute.ts
AttributeCommandNode → ../../src/commands/implementations/entity/attribute.ts
AttributeOperationCommand → ../../src/commands/implementations/entity/attribute.ts
AwaitBodyVisitor → ../../src/pack/visitors/addAwaitBodyToMCFunctions.ts
AwaitNode → ../../src/core/nodes.ts
BANNER_PATTERNS_SET → ../../src/arguments/generated/_registry/banner_patterns.ts
BLOCKS_SET → ../../src/arguments/generated/_registry/blocks.ts
BLOCK_DEFINITIONS_SET → ../../src/arguments/generated/_registry/block_definitions.ts
BLOCK_ENTITY_TYPES_SET → ../../src/arguments/generated/_registry/block_entity_types.ts
BLOCK_PREDICATE_TYPES_SET → ../../src/arguments/generated/_registry/block_predicate_types.ts
BLOCK_TRANSFORMERS_SET → ../../src/arguments/generated/_registry/block_transformers.ts
BannerPattern → ../../src/pack/pack.ts
BannerPatternClass → ../../src/core/resources/datapack/datacomponent/bannerPattern.ts
BannerPatternNode → ../../src/core/resources/datapack/datacomponent/bannerPattern.ts
Binary → ../../src/sandstone.ts
BinaryResource → ../../src/core/resources/resource.ts
BiomeConditionNode → ../../src/flow/conditions/variables/biome.ts
BlockConditionNode → ../../src/flow/conditions/variables/block.ts
BlockStateDefinition → ../../src/pack/pack.ts
BlockStateDefinitionClass → ../../src/core/resources/resourcepack/blockstate.ts
BlockStateDefinitionNode → ../../src/core/resources/resourcepack/blockstate.ts
BlockTransformer → ../../src/pack/pack.ts
BlockTransformerClass → ../../src/core/resources/datapack/datacomponent/blockTransformer.ts
BlockTransformerNode → ../../src/core/resources/datapack/datacomponent/blockTransformer.ts
BlocksConditionNode → ../../src/flow/conditions/variables/blocks.ts
BossBarCommand → ../../src/commands/implementations/player/bossbar.ts
BossBarCommandNode → ../../src/commands/implementations/player/bossbar.ts
BossBarSetCommand → ../../src/commands/implementations/player/bossbar.ts
CAT_SOUND_VARIANTS_SET → ../../src/arguments/generated/_registry/cat_sound_variants.ts
CAT_VARIANTS_SET → ../../src/arguments/generated/_registry/cat_variants.ts
CHAT_TYPES_SET → ../../src/arguments/generated/_registry/chat_types.ts
CHICKEN_SOUND_VARIANTS_SET → ../../src/arguments/generated/_registry/chicken_sound_variants.ts
CHICKEN_VARIANTS_SET → ../../src/arguments/generated/_registry/chicken_variants.ts
CHUNK_STATUSES_SET → ../../src/arguments/generated/_registry/chunk_statuses.ts
COMMAND_ARGUMENT_TYPES_SET → ../../src/arguments/generated/_registry/command_argument_types.ts
CONSUME_EFFECT_TYPES_SET → ../../src/arguments/generated/_registry/consume_effect_types.ts
CONTEXT_FLOAT_PROVIDERS_SET → ../../src/arguments/generated/_registry/context_float_providers.ts
CONTEXT_FLOAT_PROVIDER_TYPES_SET → ../../src/arguments/generated/_registry/context_float_provider_types.ts
CONTEXT_INT_PROVIDERS_SET → ../../src/arguments/generated/_registry/context_int_providers.ts
CONTEXT_INT_PROVIDER_TYPES_SET → ../../src/arguments/generated/_registry/context_int_provider_types.ts
COW_SOUND_VARIANTS_SET → ../../src/arguments/generated/_registry/cow_sound_variants.ts
COW_VARIANTS_SET → ../../src/arguments/generated/_registry/cow_variants.ts
CREATIVE_MODE_TABS_SET → ../../src/arguments/generated/_registry/creative_mode_tabs.ts
CUSTOM_STATS_SET → ../../src/arguments/generated/_registry/custom_stats.ts
CallableResourceClass → ../../src/core/resources/resource.ts
CaseStatement → ../../src/flow/switch_case.ts
ChatType → ../../src/pack/pack.ts
ChatTypeClass → ../../src/core/resources/datapack/chatType.ts
ChatTypeNode → ../../src/core/resources/datapack/chatType.ts
ClearCommand → ../../src/commands/implementations/player/clear.ts
ClearCommandNode → ../../src/commands/implementations/player/clear.ts
CloneCommand → ../../src/commands/implementations/block/clone.ts
CloneCommandNode → ../../src/commands/implementations/block/clone.ts
CloneFromDimensionCommand → ../../src/commands/implementations/block/clone.ts
CloneModeCommand → ../../src/commands/implementations/block/clone.ts
CloneOptionsCommand → ../../src/commands/implementations/block/clone.ts
CloneStrictOptionsCommand → ../../src/commands/implementations/block/clone.ts
CloneToDimensionCommand → ../../src/commands/implementations/block/clone.ts
CommandArguments → ../../src/commands/helpers.ts
CommandConditionNode → ../../src/flow/conditions/command.ts
CommandNode → ../../src/core/nodes.ts
CommentCommand → ../../src/commands/implementations/_fake/comment.ts
CommentCommandNode → ../../src/commands/implementations/_fake/comment.ts
ComputeCommand → ../../src/commands/implementations/server/compute.ts
ComputeCommandNode → ../../src/commands/implementations/server/compute.ts
ComputeContext → ../../src/commands/implementations/server/compute.ts
ConditionCaseNode → ../../src/flow/switch_case.ts
ConditionClass → ../../src/variables/abstractClasses.ts
ConditionNode → ../../src/flow/conditions/condition.ts
ConditionTextComponentClass → ../../src/variables/abstractClasses.ts
ConditionalDataPointPickClass → ../../src/core/Macro.ts
ContainerCommandNode → ../../src/core/nodes.ts
ContainerCommandsToMCFunctionVisitor → ../../src/pack/visitors/containerCommandsToMCFunction.ts
ContainerNode → ../../src/core/nodes.ts
CustomResourceClass → ../../src/core/resources/custom.ts
CustomResourceNode → ../../src/core/resources/custom.ts
DAMAGE_TYPES_SET → ../../src/arguments/generated/_registry/damage_types.ts
DATA_COMPONENT_PREDICATE_TYPES_SET → ../../src/arguments/generated/_registry/data_component_predicate_types.ts
DATA_COMPONENT_TYPES_SET → ../../src/arguments/generated/_registry/data_component_types.ts
DEBUG_SIMPLIFY_EXEC → ../../src/pack/visitors/simplifyExecuteFunction.ts
DEBUG_SUBSCRIPTIONS_SET → ../../src/arguments/generated/_registry/debug_subscriptions.ts
DECORATED_POT_PATTERNS_SET → ../../src/arguments/generated/_registry/decorated_pot_patterns.ts
DIALOGS_SET → ../../src/arguments/generated/_registry/dialogs.ts
DIALOG_ACTION_TYPES_SET → ../../src/arguments/generated/_registry/dialog_action_types.ts
DIALOG_BODY_TYPES_SET → ../../src/arguments/generated/_registry/dialog_body_types.ts
DIALOG_TYPES_SET → ../../src/arguments/generated/_registry/dialog_types.ts
DIMENSIONS_SET → ../../src/arguments/generated/_registry/dimensions.ts
DIMENSION_TYPES_SET → ../../src/arguments/generated/_registry/dimension_types.ts
DamageCauseCommand → ../../src/commands/implementations/entity/damage.ts
DamageCommand → ../../src/commands/implementations/entity/damage.ts
DamageCommandNode → ../../src/commands/implementations/entity/damage.ts
DamageSourceCommand → ../../src/commands/implementations/entity/damage.ts
DamageType → ../../src/pack/pack.ts
DamageTypeClass → ../../src/core/resources/datapack/damageType.ts
DamageTypeNode → ../../src/core/resources/datapack/damageType.ts
Data → ../../src/pack/pack.ts
DataArray → ../../src/pack/pack.ts
DataArrayClass → ../../src/variables/DataSets.ts
DataArrayInternal → ../../src/variables/DataSets.ts
DataClass → ../../src/variables/Data.ts
DataCommand → ../../src/commands/implementations/world/data.ts
DataCommandNode → ../../src/commands/implementations/world/data.ts
DataGetCommand → ../../src/commands/implementations/world/data.ts
DataIndexMap → ../../src/pack/pack.ts
DataIndexMapClass → ../../src/variables/DataSets.ts
DataIndexMapInternal → ../../src/variables/DataSets.ts
DataMergeCommand → ../../src/commands/implementations/world/data.ts
DataModifyCommand → ../../src/commands/implementations/world/data.ts
DataModifyComputeCommand → ../../src/commands/implementations/world/data.ts
DataModifyComputeContext → ../../src/commands/implementations/world/data.ts
DataModifyFromCommand → ../../src/commands/implementations/world/data.ts
DataModifyTypeCommand → ../../src/commands/implementations/world/data.ts
DataModifyValuesCommand → ../../src/commands/implementations/world/data.ts
DataPack → ../../src/pack/pack.ts
DataPackCommand → ../../src/commands/implementations/server/datapack.ts
DataPackCommandNode → ../../src/commands/implementations/server/datapack.ts
DataPackDependencies → ../../src/pack/dependencies.ts
DataPackEnableCommand → ../../src/commands/implementations/server/datapack.ts
DataPointClass → ../../src/variables/Data.ts
DataPointEqualsConditionNode → ../../src/flow/conditions/variables/dataPoint.ts
DataPointExistsConditionNode → ../../src/flow/conditions/variables/dataPoint.ts
DataPointPickClass → ../../src/core/Macro.ts
DataRemoveCommand → ../../src/commands/implementations/world/data.ts
DataVariable → ../../src/pack/pack.ts
DebugCommand → ../../src/commands/implementations/server/debug.ts
DebugCommandNode → ../../src/commands/implementations/server/debug.ts
DecoratedPotPattern → ../../src/pack/pack.ts
DecoratedPotPatternClass → ../../src/core/resources/datapack/datacomponent/decoratedPotPattern.ts
DecoratedPotPatternNode → ../../src/core/resources/datapack/datacomponent/decoratedPotPattern.ts
DefaultCaseNode → ../../src/flow/switch_case.ts
DefaultGameModeCommand → ../../src/commands/implementations/server/defaultgamemode.ts
DefaultGameModeCommandNode → ../../src/commands/implementations/server/defaultgamemode.ts
DependencyNode → ../../src/core/resources/dependency.ts
Dialog → ../../src/pack/pack.ts
DialogClass → ../../src/core/resources/datapack/dialog.ts
DialogCommand → ../../src/commands/implementations/player/dialog.ts
DialogCommandNode → ../../src/commands/implementations/player/dialog.ts
DialogNode → ../../src/core/resources/datapack/dialog.ts
DifficultyCommand → ../../src/commands/implementations/server/difficulty.ts
DifficultyCommandNode → ../../src/commands/implementations/server/difficulty.ts
DimensionConditionNode → ../../src/flow/conditions/variables/dimension.ts
ENCHANTMENTS_SET → ../../src/arguments/generated/_registry/enchantments.ts
ENCHANTMENT_EFFECT_COMPONENT_TYPES_SET → ../../src/arguments/generated/_registry/enchantment_effect_component_types.ts
ENCHANTMENT_ENTITY_EFFECT_TYPES_SET → ../../src/arguments/generated/_registry/enchantment_entity_effect_types.ts
ENCHANTMENT_LEVEL_BASED_VALUE_TYPES_SET → ../../src/arguments/generated/_registry/enchantment_level_based_value_types.ts
ENCHANTMENT_LOCATION_BASED_EFFECT_TYPES_SET → ../../src/arguments/generated/_registry/enchantment_location_based_effect_types.ts
ENCHANTMENT_PROVIDERS_SET → ../../src/arguments/generated/_registry/enchantment_providers.ts
ENCHANTMENT_PROVIDER_TYPES_SET → ../../src/arguments/generated/_registry/enchantment_provider_types.ts
ENCHANTMENT_VALUE_EFFECT_TYPES_SET → ../../src/arguments/generated/_registry/enchantment_value_effect_types.ts
ENTITY_SUB_PREDICATE_TYPES_SET → ../../src/arguments/generated/_registry/entity_sub_predicate_types.ts
ENTITY_TYPES_SET → ../../src/arguments/generated/_registry/entity_types.ts
ENVIRONMENT_ATTRIBUTES_SET → ../../src/arguments/generated/_registry/environment_attributes.ts
EQUIPMENTS_SET → ../../src/arguments/generated/_registry/equipments.ts
EffectCommand → ../../src/commands/implementations/entity/effect.ts
EffectCommandNode → ../../src/commands/implementations/entity/effect.ts
ElseNode → ../../src/flow/if_else.ts
ElseStatement → ../../src/flow/if_else.ts
EnchantCommand → ../../src/commands/implementations/entity/enchant.ts
EnchantCommandNode → ../../src/commands/implementations/entity/enchant.ts
Enchantment → ../../src/pack/pack.ts
EnchantmentClass → ../../src/core/resources/datapack/datacomponent/enchantment.ts
EnchantmentNode → ../../src/core/resources/datapack/datacomponent/enchantment.ts
EnchantmentProvider → ../../src/pack/pack.ts
EnchantmentProviderClass → ../../src/core/resources/datapack/datacomponent/enchantment.ts
EnchantmentProviderNode → ../../src/core/resources/datapack/datacomponent/enchantment.ts
EntityLabel → ../../src/variables/Label.ts
Equipment → ../../src/pack/pack.ts
EquipmentClass → ../../src/core/resources/resourcepack/equipment.ts
EquipmentNode → ../../src/core/resources/resourcepack/equipment.ts
ExecuteCommand → ../../src/commands/implementations/entity/execute.ts
ExecuteCommandNode → ../../src/commands/implementations/entity/execute.ts
ExecuteCommandPart → ../../src/commands/implementations/entity/execute.ts
ExecuteDataArgsCommand → ../../src/commands/implementations/entity/execute.ts
ExecuteFacingEntityCommand → ../../src/commands/implementations/entity/execute.ts
ExecuteIfUnlessCommand → ../../src/commands/implementations/entity/execute.ts
ExecuteItemsCommand → ../../src/commands/implementations/entity/execute.ts
ExecutePositionedCommand → ../../src/commands/implementations/entity/execute.ts
ExecuteRotatedAsCommand → ../../src/commands/implementations/entity/execute.ts
ExecuteSlotsCommand → ../../src/commands/implementations/entity/execute.ts
ExecuteStoreArgsCommand → ../../src/commands/implementations/entity/execute.ts
ExecuteStoreCommand → ../../src/commands/implementations/entity/execute.ts
ExperienceCommand → ../../src/commands/implementations/player/experience.ts
ExperienceCommandNode → ../../src/commands/implementations/player/experience.ts
FLOAT_PROVIDER_TYPES_SET → ../../src/arguments/generated/_registry/float_provider_types.ts
FLUIDS_SET → ../../src/arguments/generated/_registry/fluids.ts
FONTS_SET → ../../src/arguments/generated/_registry/fonts.ts
FROG_VARIANTS_SET → ../../src/arguments/generated/_registry/frog_variants.ts
FillArgumentsCommand → ../../src/commands/implementations/block/fill.ts
FillBiomeCommand → ../../src/commands/implementations/world/fillbiome.ts
FillBiomeCommandNode → ../../src/commands/implementations/world/fillbiome.ts
FillCommand → ../../src/commands/implementations/block/fill.ts
FillCommandNode → ../../src/commands/implementations/block/fill.ts
FillReplaceFilterCommand → ../../src/commands/implementations/block/fill.ts
FinalCommandOutput → ../../src/commands/helpers.ts
FloatNumberProviderClass → ../../src/core/resources/datapack/numberProvider.ts
FloatNumberProviderNode → ../../src/core/resources/datapack/numberProvider.ts
Flow → ../../src/flow/Flow.ts
FlowClauseNode → ../../src/flow/if_else.ts
Font → ../../src/pack/pack.ts
FontClass → ../../src/core/resources/resourcepack/font.ts
FontNode → ../../src/core/resources/resourcepack/font.ts
ForINode → ../../src/flow/loops/for_i.ts
ForIStatement → ../../src/flow/loops/for_i.ts
ForOfNode → ../../src/flow/loops/for_of.ts
ForOfStatement → ../../src/flow/loops/for_of.ts
ForceLoadCommand → ../../src/commands/implementations/world/forceload.ts
ForceLoadCommandNode → ../../src/commands/implementations/world/forceload.ts
FunctionCommand → ../../src/commands/implementations/server/function.ts
FunctionCommandNode → ../../src/commands/implementations/server/function.ts
FunctionConditionNode → ../../src/flow/conditions/variables/function.ts
FunctionReturnConditionNode → ../../src/pack/visitors/orTransformationVisitor.ts
GAME_EVENTS_SET → ../../src/arguments/generated/_registry/game_events.ts
GAME_RULES_SET → ../../src/arguments/generated/_registry/game_rules.ts
GU → ../../src/variables/UUID.ts
GameModeCommand → ../../src/commands/implementations/player/gamemode.ts
GameModeCommandNode → ../../src/commands/implementations/player/gamemode.ts
GameRuleCommand → ../../src/commands/implementations/server/gamerule.ts
GameRuleCommandNode → ../../src/commands/implementations/server/gamerule.ts
GenerateLazyMCFunction → ../../src/pack/visitors/generateLazyMCFunctions.ts
GenericCoreVisitor → ../../src/core/visitors.ts
GenericSandstoneVisitor → ../../src/pack/visitors/visitor.ts
GiveCommand → ../../src/commands/implementations/player/give.ts
GiveCommandNode → ../../src/commands/implementations/player/give.ts
HEIGHT_PROVIDER_TYPES_SET → ../../src/arguments/generated/_registry/height_provider_types.ts
HelpCommand → ../../src/commands/implementations/server/help.ts
HelpCommandNode → ../../src/commands/implementations/server/help.ts
INCOMING_RPC_METHODS_SET → ../../src/arguments/generated/_registry/incoming_rpc_methods.ts
INPUT_CONTROL_TYPES_SET → ../../src/arguments/generated/_registry/input_control_types.ts
INSTRUMENTS_SET → ../../src/arguments/generated/_registry/instruments.ts
INT_PROVIDER_TYPES_SET → ../../src/arguments/generated/_registry/int_provider_types.ts
ITEMS_SET → ../../src/arguments/generated/_registry/items.ts
ITEM_DEFINITIONS_SET → ../../src/arguments/generated/_registry/item_definitions.ts
IfElseTransformationVisitor → ../../src/pack/visitors/ifElseTransformationVisitor.ts
IfNode → ../../src/flow/if_else.ts
IfStatement → ../../src/flow/if_else.ts
InitConstantsVisitor → ../../src/pack/visitors/initConstantsVisitor.ts
InitObjectivesVisitor → ../../src/pack/visitors/initObjectivesVisitor.ts
InlineFunctionCallVisitor → ../../src/pack/visitors/inlineFunctionCallVisitor.ts
Instrument → ../../src/pack/pack.ts
InstrumentClass → ../../src/core/resources/datapack/datacomponent/instrument.ts
InstrumentNode → ../../src/core/resources/datapack/datacomponent/instrument.ts
IntegerNumberProviderClass → ../../src/core/resources/datapack/numberProvider.ts
IntegerNumberProviderNode → ../../src/core/resources/datapack/numberProvider.ts
ItemCommand → ../../src/commands/implementations/world/item.ts
ItemCommandNode → ../../src/commands/implementations/world/item.ts
ItemModelBuilder → ../../src/core/resources/resourcepack/itemDefinition.ts
ItemModelDefinition → ../../src/pack/pack.ts
ItemModelDefinitionClass → ../../src/core/resources/resourcepack/itemDefinition.ts
ItemModelDefinitionNode → ../../src/core/resources/resourcepack/itemDefinition.ts
ItemModifier → ../../src/pack/pack.ts
ItemModifierClass → ../../src/core/resources/datapack/itemModifier.ts
ItemModifierNode → ../../src/core/resources/datapack/itemModifier.ts
ItemPredicate → ../../src/pack/pack.ts
ItemPredicateClass → ../../src/variables/ItemPredicate.ts
ItemSourceCommand → ../../src/commands/implementations/world/item.ts
ItemsBlockConditionNode → ../../src/flow/conditions/variables/items.ts
ItemsEntityConditionNode → ../../src/flow/conditions/variables/items.ts
IterableDataClass → ../../src/variables/DataSets.ts
JFRCommand → ../../src/commands/implementations/server/performance.ts
JFRCommandNode → ../../src/commands/implementations/server/performance.ts
JSONTextComponentClass → ../../src/variables/JSONTextComponentClass.ts
JUKEBOX_SONGS_SET → ../../src/arguments/generated/_registry/jukebox_songs.ts
JsonResource → ../../src/core/resources/resource.ts
JukeboxSong → ../../src/pack/pack.ts
JukeboxSongClass → ../../src/core/resources/datapack/datacomponent/jukeboxSong.ts
JukeboxSongNode → ../../src/core/resources/datapack/datacomponent/jukeboxSong.ts
KillCommand → ../../src/commands/implementations/entity/kill.ts
KillCommandNode → ../../src/commands/implementations/entity/kill.ts
LANGS_SET → ../../src/arguments/generated/_registry/langs.ts
LOOT_CONDITION_TYPES_SET → ../../src/arguments/generated/_registry/loot_condition_types.ts
LOOT_FUNCTION_TYPES_SET → ../../src/arguments/generated/_registry/loot_function_types.ts
LOOT_NBT_PROVIDER_TYPES_SET → ../../src/arguments/generated/_registry/loot_nbt_provider_types.ts
LOOT_POOL_ENTRY_TYPES_SET → ../../src/arguments/generated/_registry/loot_pool_entry_types.ts
LOOT_SCORE_PROVIDER_TYPES_SET → ../../src/arguments/generated/_registry/loot_score_provider_types.ts
LOOT_TABLES_SET → ../../src/arguments/generated/_registry/loot_tables.ts
Label → ../../src/pack/pack.ts
LabelClass → ../../src/variables/Label.ts
LabelConditionNode → ../../src/flow/conditions/variables/label.ts
Language → ../../src/pack/pack.ts
LanguageClass → ../../src/core/resources/resourcepack/language.ts
LanguageNode → ../../src/core/resources/resourcepack/language.ts
ListCommand → ../../src/commands/implementations/server/list.ts
ListCommandNode → ../../src/commands/implementations/server/list.ts
ListResource → ../../src/core/resources/resource.ts
LoadedConditionNode → ../../src/flow/conditions/variables/loaded.ts
LocateCommand → ../../src/commands/implementations/world/locate.ts
LocateCommandNode → ../../src/commands/implementations/world/locate.ts
LoopArgument → ../../src/variables/Loop.ts
LoopNode → ../../src/flow/loops/index.ts
LoopTransformationVisitor → ../../src/pack/visitors/loopTransformationVisitor.ts
LootCommand → ../../src/commands/implementations/world/loot.ts
LootCommandNode → ../../src/commands/implementations/world/loot.ts
LootSourceCommand → ../../src/commands/implementations/world/loot.ts
LootTable → ../../src/pack/pack.ts
LootTableClass → ../../src/core/resources/datapack/lootTable.ts
LootTableNode → ../../src/core/resources/datapack/lootTable.ts
MAP_DECORATION_TYPES_SET → ../../src/arguments/generated/_registry/map_decoration_types.ts
MCFunction → ../../src/pack/pack.ts
MCFunctionClass → ../../src/core/resources/datapack/mcfunction.ts
MCFunctionNode → ../../src/core/resources/datapack/mcfunction.ts
MCMetaCache → ../../src/core/mcmeta.ts
MEMORY_MODULE_TYPES_SET → ../../src/arguments/generated/_registry/memory_module_types.ts
MENUS_SET → ../../src/arguments/generated/_registry/menus.ts
MOB_EFFECTS_SET → ../../src/arguments/generated/_registry/mob_effects.ts
MODELS_SET → ../../src/arguments/generated/_registry/models.ts
Macro → ../../src/pack/pack.ts
MacroArgument → ../../src/core/Macro.ts
MacroLiteral → ../../src/core/Macro.ts
MeCommand → ../../src/commands/implementations/server/me.ts
MeCommandNode → ../../src/commands/implementations/server/me.ts
Model → ../../src/pack/pack.ts
ModelClass → ../../src/core/resources/resourcepack/model.ts
ModelNode → ../../src/core/resources/resourcepack/model.ts
NBT → ../../src/variables/nbt/NBTs.ts
NBTAnyValue → ../../src/variables/nbt/NBTs.ts
NBTByte → ../../src/variables/nbt/NBTs.ts
NBTByteArray → ../../src/variables/nbt/NBTs.ts
NBTClass → ../../src/variables/nbt/NBTs.ts
NBTDouble → ../../src/variables/nbt/NBTs.ts
NBTFloat → ../../src/variables/nbt/NBTs.ts
NBTInt → ../../src/variables/nbt/NBTs.ts
NBTIntArray → ../../src/variables/nbt/NBTs.ts
NBTLong → ../../src/variables/nbt/NBTs.ts
NBTLongArray → ../../src/variables/nbt/NBTs.ts
NBTPrimitive → ../../src/variables/nbt/NBTs.ts
NBTShort → ../../src/variables/nbt/NBTs.ts
NBTString → ../../src/variables/nbt/NBTs.ts
NBTTypedArray → ../../src/variables/nbt/NBTs.ts
NBTpathToString → ../../src/variables/Data.ts
NUMBER_FORMAT_TYPES_SET → ../../src/arguments/generated/_registry/number_format_types.ts
Node → ../../src/core/nodes.ts
NotNBT → ../../src/variables/nbt/NBTs.ts
NotNode → ../../src/flow/conditions/not.ts
NumberProvider → ../../src/pack/pack.ts
OUTGOING_RPC_METHODS_SET → ../../src/arguments/generated/_registry/outgoing_rpc_methods.ts
Objective → ../../src/pack/pack.ts
ObjectiveClass → ../../src/variables/Objective.ts
OptimizeMacroTemporariesVisitor → ../../src/pack/visitors/optimizeMacroTemporaries.ts
OrNode → ../../src/flow/conditions/or.ts
OrTransformationVisitor → ../../src/pack/visitors/orTransformationVisitor.ts
PAINTING_VARIANTS_SET → ../../src/arguments/generated/_registry/painting_variants.ts
PARTICLE_TYPES_SET → ../../src/arguments/generated/_registry/particle_types.ts
PERMISSION_CHECK_TYPES_SET → ../../src/arguments/generated/_registry/permission_check_types.ts
PERMISSION_TYPES_SET → ../../src/arguments/generated/_registry/permission_types.ts
PIG_SOUND_VARIANTS_SET → ../../src/arguments/generated/_registry/pig_sound_variants.ts
PIG_VARIANTS_SET → ../../src/arguments/generated/_registry/pig_variants.ts
POINT_OF_INTEREST_TYPES_SET → ../../src/arguments/generated/_registry/point_of_interest_types.ts
POSITION_SOURCE_TYPES_SET → ../../src/arguments/generated/_registry/position_source_types.ts
POST_EFFECTS_SET → ../../src/arguments/generated/_registry/post_effects.ts
POS_RULE_TESTS_SET → ../../src/arguments/generated/_registry/pos_rule_tests.ts
POTIONS_SET → ../../src/arguments/generated/_registry/potions.ts
PREDICATES_SET → ../../src/arguments/generated/_registry/predicates.ts
PackType → ../../src/pack/packType.ts
ParticleClass → ../../src/core/resources/resourcepack/particle.ts
ParticleCommand → ../../src/commands/implementations/player/particle.ts
ParticleCommandNode → ../../src/commands/implementations/player/particle.ts
ParticleNode → ../../src/core/resources/resourcepack/particle.ts
ParticleResource → ../../src/sandstone.ts
PerfCommand → ../../src/commands/implementations/server/performance.ts
PerfCommandNode → ../../src/commands/implementations/server/performance.ts
PlaceCommand → ../../src/commands/implementations/block/place.ts
PlaceCommandNode → ../../src/commands/implementations/block/place.ts
PlainText → ../../src/pack/pack.ts
PlainTextClass → ../../src/core/resources/resourcepack/text.ts
PlainTextNode → ../../src/core/resources/resourcepack/text.ts
PlaySoundCommand → ../../src/commands/implementations/player/playsound.ts
PlaySoundCommandNode → ../../src/commands/implementations/player/playsound.ts
PostEffect → ../../src/pack/pack.ts
PostEffectClass → ../../src/core/resources/resourcepack/postEffect.ts
PostEffectCommand → ../../src/commands/implementations/player/posteffect.ts
PostEffectCommandNode → ../../src/commands/implementations/player/posteffect.ts
PostEffectNode → ../../src/core/resources/resourcepack/postEffect.ts
Predicate → ../../src/pack/pack.ts
PredicateClass → ../../src/core/resources/datapack/predicate.ts
PredicateConditionNode → ../../src/flow/conditions/resources/predicate.ts
PredicateNode → ../../src/core/resources/datapack/predicate.ts
RECIPES_SET → ../../src/arguments/generated/_registry/recipes.ts
RECIPE_BOOK_CATEGORIES_SET → ../../src/arguments/generated/_registry/recipe_book_categories.ts
RECIPE_DISPLAYS_SET → ../../src/arguments/generated/_registry/recipe_displays.ts
RECIPE_SERIALIZERS_SET → ../../src/arguments/generated/_registry/recipe_serializers.ts
RECIPE_TYPES_SET → ../../src/arguments/generated/_registry/recipe_types.ts
REGISTRIES_SET → ../../src/arguments/generated/registry.ts
RESOURCE_CLASS_TYPES → ../../src/arguments/generated/resources.ts
RESOURCE_PATHS → ../../src/arguments/generated/resource-paths.ts
RULE_BLOCK_ENTITY_MODIFIERS_SET → ../../src/arguments/generated/_registry/rule_block_entity_modifiers.ts
RULE_TESTS_SET → ../../src/arguments/generated/_registry/rule_tests.ts
RandomCommand → ../../src/commands/implementations/server/random.ts
RandomCommandNode → ../../src/commands/implementations/server/random.ts
RawCommand → ../../src/commands/implementations/_fake/raw.ts
RawCommandNode → ../../src/commands/implementations/_fake/raw.ts
RawResource → ../../src/pack/pack.ts
Recipe → ../../src/pack/pack.ts
RecipeClass → ../../src/core/resources/datapack/recipe.ts
RecipeCommand → ../../src/commands/implementations/player/recipe.ts
RecipeCommandNode → ../../src/commands/implementations/player/recipe.ts
RecipeNode → ../../src/core/resources/datapack/recipe.ts
ReloadCommand → ../../src/commands/implementations/server/reload.ts
ReloadCommandNode → ../../src/commands/implementations/server/reload.ts
ResolveNBT → ../../src/pack/pack.ts
ResolveNBTClass → ../../src/variables/ResolveNBT.ts
ResolveNBTNode → ../../src/variables/ResolveNBT.ts
ResolveNBTPart → ../../src/variables/ResolveNBT.ts
ResolveNBTPartClass → ../../src/variables/ResolveNBT.ts
ResolvedNBT → ../../src/variables/nbt/NBTs.ts
ResourceClass → ../../src/core/resources/resource.ts
ResourceNodesMap → ../../src/core/resources/resource.ts
ResourcePack → ../../src/pack/pack.ts
ResourcePackDependencies → ../../src/pack/dependencies.ts
ReturnArgumentsCommand → ../../src/commands/implementations/server/return.ts
ReturnCommand → ../../src/commands/implementations/server/return.ts
ReturnCommandNode → ../../src/commands/implementations/server/return.ts
ReturnRunCommandNode → ../../src/commands/implementations/server/return.ts
RideArgumentsCommand → ../../src/commands/implementations/entity/ride.ts
RideCommand → ../../src/commands/implementations/entity/ride.ts
RideCommandNode → ../../src/commands/implementations/entity/ride.ts
RotateCommand → ../../src/commands/implementations/entity/rotate.ts
RotateCommandNode → ../../src/commands/implementations/entity/rotate.ts
RotateFacingArguments → ../../src/commands/implementations/entity/rotate.ts
SENSOR_TYPES_SET → ../../src/arguments/generated/_registry/sensor_types.ts
SLEEP_CHILD_NAME → ../../src/flow/async/sleep.ts
SLOT_DISPLAYS_SET → ../../src/arguments/generated/_registry/slot_displays.ts
SLOT_SOURCE_TYPES_SET → ../../src/arguments/generated/_registry/slot_source_types.ts
SNBT_KEY_REQUIRED_QUOTE_CHARS → ../../src/variables/nbt/NBTs.ts
SOUNDS_SET → ../../src/arguments/generated/_registry/sounds.ts
SOUND_EVENTS_SET → ../../src/arguments/generated/_registry/sound_events.ts
SPAWN_CONDITION_TYPES_SET → ../../src/arguments/generated/_registry/spawn_condition_types.ts
STAT_TYPES_SET → ../../src/arguments/generated/_registry/stat_types.ts
STRUCTURES_SET → ../../src/arguments/generated/_registry/structures.ts
SULFUR_CUBE_ARCHETYPES_SET → ../../src/arguments/generated/_registry/sulfur_cube_archetypes.ts
SandstoneCommands → ../../src/commands/commands.ts
SandstoneConditions → ../../src/flow/conditions/index.ts
SandstoneCore → ../../src/core/sandstoneCore.ts
SandstonePack → ../../src/pack/pack.ts
SayCommand → ../../src/commands/implementations/server/say.ts
SayCommandNode → ../../src/commands/implementations/server/say.ts
ScheduleCommand → ../../src/commands/implementations/server/schedule.ts
ScheduleCommandNode → ../../src/commands/implementations/server/schedule.ts
Score → ../../src/variables/Score.ts
ScoreConditionNode → ../../src/flow/conditions/variables/score.ts
ScoreResetNode → ../../src/pack/visitors/throwPropagationVisitor.ts
ScoreboardCommand → ../../src/commands/implementations/entity/scoreboard.ts
ScoreboardCommandNode → ../../src/commands/implementations/entity/scoreboard.ts
ScoreboardObjectivesModifyCommand → ../../src/commands/implementations/entity/scoreboard.ts
ScoreboardPlayersDisplayCommand → ../../src/commands/implementations/entity/scoreboard.ts
SeedCommand → ../../src/commands/implementations/world/seed.ts
SeedCommandNode → ../../src/commands/implementations/world/seed.ts
Selector → ../../src/pack/pack.ts
SelectorClass → ../../src/variables/Selector.ts
SelectorConditionNode → ../../src/flow/conditions/variables/selector.ts
SelectorPickClass → ../../src/variables/abstractClasses.ts
Set → ../../src/utils.ts
SetBlockCommand → ../../src/commands/implementations/block/setblock.ts
SetBlockCommandNode → ../../src/commands/implementations/block/setblock.ts
SetIdleTimeoutCommand → ../../src/commands/implementations/server/setidletimeout.ts
SetIdleTimeoutCommandNode → ../../src/commands/implementations/server/setidletimeout.ts
SetWorldSpawnCommand → ../../src/commands/implementations/world/setworldspawn.ts
SetWorldSpawnCommandNode → ../../src/commands/implementations/world/setworldspawn.ts
Shader → ../../src/pack/pack.ts
ShaderClass → ../../src/core/resources/resourcepack/shader.ts
ShaderNode → ../../src/core/resources/resourcepack/shader.ts
SimplifyExecuteFunctionVisitor → ../../src/pack/visitors/simplifyExecuteFunction.ts
SimplifyReturnRunFunctionVisitor → ../../src/pack/visitors/simplifyReturnRunFunction.ts
SingleConditionNode → ../../src/flow/conditions/condition.ts
SingleExecuteNode → ../../src/flow/conditions/condition.ts
SleepClass → ../../src/flow/async/sleep.ts
SlotSource → ../../src/pack/pack.ts
SlotSourceClass → ../../src/core/resources/datapack/slotSource.ts
SlotSourceConditionNode → ../../src/flow/conditions/resources/slotSource.ts
SlotSourceNode → ../../src/core/resources/datapack/slotSource.ts
SlotsBlockConditionNode → ../../src/flow/conditions/variables/items.ts
SlotsEntityConditionNode → ../../src/flow/conditions/variables/items.ts
SmithedDependencyCache → ../../src/core/smithed.ts
SmithedDependencyClass → ../../src/core/resources/dependency.ts
SoundEvent → ../../src/pack/pack.ts
SoundEventClass → ../../src/core/resources/resourcepack/sound.ts
SoundEventNode → ../../src/core/resources/resourcepack/sound.ts
SoundsIndex → ../../src/pack/pack.ts
SoundsIndexClass → ../../src/core/resources/resourcepack/sound.ts
SoundsIndexNode → ../../src/core/resources/resourcepack/sound.ts
SpawnPointCommand → ../../src/commands/implementations/player/spawnpoint.ts
SpawnPointCommandNode → ../../src/commands/implementations/player/spawnpoint.ts
SpectateCommand → ../../src/commands/implementations/player/spectate.ts
SpectateCommandNode → ../../src/commands/implementations/player/spectate.ts
SpreadPlayersCommand → ../../src/commands/implementations/entity/spreadplayers.ts
SpreadPlayersNode → ../../src/commands/implementations/entity/spreadplayers.ts
StaticCaseNode → ../../src/flow/switch_case.ts
StopSoundCommand → ../../src/commands/implementations/player/stopsound.ts
StopSoundCommandNode → ../../src/commands/implementations/player/stopsound.ts
StopwatchCommand → ../../src/commands/implementations/server/stopwatch.ts
StopwatchCommandNode → ../../src/commands/implementations/server/stopwatch.ts
StringDataPointClass → ../../src/variables/Data.ts
StructureClass → ../../src/core/resources/datapack/structure.ts
StructureNode → ../../src/core/resources/datapack/structure.ts
SulfurCubeArchetype → ../../src/pack/pack.ts
SulfurCubeArchetypeClass → ../../src/core/resources/datapack/datacomponent/sulfurCubeArchetype.ts
SulfurCubeArchetypeNode → ../../src/core/resources/datapack/datacomponent/sulfurCubeArchetype.ts
SummonCommand → ../../src/commands/implementations/entity/summon.ts
SummonCommandNode → ../../src/commands/implementations/entity/summon.ts
SwingCommand → ../../src/commands/implementations/entity/swing.ts
SwingCommandNode → ../../src/commands/implementations/entity/swing.ts
SwitchNode → ../../src/flow/switch_case.ts
SwitchTransformationVisitor → ../../src/pack/visitors/switchTransformationVisitor.ts
TAG_BANNER_PATTERNS_SET → ../../src/arguments/generated/_registry/tag_banner_patterns.ts
TAG_BLOCKS_SET → ../../src/arguments/generated/_registry/tag_blocks.ts
TAG_DAMAGE_TYPES_SET → ../../src/arguments/generated/_registry/tag_damage_types.ts
TAG_DIALOGS_SET → ../../src/arguments/generated/_registry/tag_dialogs.ts
TAG_ENCHANTMENTS_SET → ../../src/arguments/generated/_registry/tag_enchantments.ts
TAG_ENTITY_TYPES_SET → ../../src/arguments/generated/_registry/tag_entity_types.ts
TAG_FLUIDS_SET → ../../src/arguments/generated/_registry/tag_fluids.ts
TAG_GAME_EVENTS_SET → ../../src/arguments/generated/_registry/tag_game_events.ts
TAG_INSTRUMENTS_SET → ../../src/arguments/generated/_registry/tag_instruments.ts
TAG_ITEMS_SET → ../../src/arguments/generated/_registry/tag_items.ts
TAG_PAINTING_VARIANTS_SET → ../../src/arguments/generated/_registry/tag_painting_variants.ts
TAG_POINT_OF_INTEREST_TYPES_SET → ../../src/arguments/generated/_registry/tag_point_of_interest_types.ts
TAG_POTIONS_SET → ../../src/arguments/generated/_registry/tag_potions.ts
TAG_TIMELINES_SET → ../../src/arguments/generated/_registry/tag_timelines.ts
TAG_VILLAGER_TRADES_SET → ../../src/arguments/generated/_registry/tag_villager_trades.ts
TAG_WORLDGEN_BIOMES_SET → ../../src/arguments/generated/_registry/tag_worldgen_biomes.ts
TAG_WORLDGEN_FEATURES_SET → ../../src/arguments/generated/_registry/tag_worldgen_features.ts
TAG_WORLDGEN_FLAT_LEVEL_GENERATOR_PRESETS_SET → ../../src/arguments/generated/_registry/tag_worldgen_flat_level_generator_presets.ts
TAG_WORLDGEN_STRUCTURES_SET → ../../src/arguments/generated/_registry/tag_worldgen_structures.ts
TAG_WORLDGEN_WORLD_PRESETS_SET → ../../src/arguments/generated/_registry/tag_worldgen_world_presets.ts
TEST_ENVIRONMENTS_SET → ../../src/arguments/generated/_registry/test_environments.ts
TEST_ENVIRONMENT_DEFINITION_TYPES_SET → ../../src/arguments/generated/_registry/test_environment_definition_types.ts
TEST_FUNCTIONS_SET → ../../src/arguments/generated/_registry/test_functions.ts
TEST_INSTANCES_SET → ../../src/arguments/generated/_registry/test_instances.ts
TEST_INSTANCE_TYPES_SET → ../../src/arguments/generated/_registry/test_instance_types.ts
TEXTURES_SET → ../../src/arguments/generated/_registry/textures.ts
TICKET_TYPES_SET → ../../src/arguments/generated/_registry/ticket_types.ts
TIMELINES_SET → ../../src/arguments/generated/_registry/timelines.ts
TRADE_SETS_SET → ../../src/arguments/generated/_registry/trade_sets.ts
TRANSLATION_KEYS_SET → ../../src/arguments/generated/_registry/translation_keys.ts
TRIAL_SPAWNERS_SET → ../../src/arguments/generated/_registry/trial_spawners.ts
TRIGGER_TYPES_SET → ../../src/arguments/generated/_registry/trigger_types.ts
TRIM_MATERIALS_SET → ../../src/arguments/generated/_registry/trim_materials.ts
TRIM_PATTERNS_SET → ../../src/arguments/generated/_registry/trim_patterns.ts
Tag → ../../src/pack/pack.ts
TagArgumentsCommand → ../../src/commands/implementations/entity/tag.ts
TagClass → ../../src/core/resources/datapack/tag.ts
TagCommand → ../../src/commands/implementations/entity/tag.ts
TagCommandNode → ../../src/commands/implementations/entity/tag.ts
TagConditionNode → ../../src/flow/conditions/resources/tag.ts
TagNode → ../../src/core/resources/datapack/tag.ts
TargetlessDataClass → ../../src/variables/Data.ts
TargetlessDataPointClass → ../../src/variables/Data.ts
TeamCommand → ../../src/commands/implementations/entity/team.ts
TeamCommandNode → ../../src/commands/implementations/entity/team.ts
TeamMessageCommand → ../../src/commands/implementations/server/teammessage.ts
TeamMessageCommandNode → ../../src/commands/implementations/server/teammessage.ts
TeleportCommand → ../../src/commands/implementations/entity/teleport.ts
TeleportCommandNode → ../../src/commands/implementations/entity/teleport.ts
TeleportFacingCommand → ../../src/commands/implementations/entity/teleport.ts
TellCommand → ../../src/commands/implementations/server/tell.ts
TellCommandNode → ../../src/commands/implementations/server/tell.ts
TellRawCommand → ../../src/commands/implementations/server/tellraw.ts
TellRawCommandNode → ../../src/commands/implementations/server/tellraw.ts
TestCommand → ../../src/commands/implementations/world/test.ts
TestCommandNode → ../../src/commands/implementations/world/test.ts
TestEnvironment → ../../src/pack/pack.ts
TestEnvironmentClass → ../../src/core/resources/datapack/gametest.ts
TestEnvironmentNode → ../../src/core/resources/datapack/gametest.ts
TestInstance → ../../src/pack/pack.ts
TestInstanceClass → ../../src/core/resources/datapack/gametest.ts
TestInstanceNode → ../../src/core/resources/datapack/gametest.ts
TextComponentClass → ../../src/variables/abstractClasses.ts
TextResource → ../../src/core/resources/resource.ts
Texture → ../../src/pack/pack.ts
TextureClass → ../../src/core/resources/resourcepack/texture.ts
TextureNode → ../../src/core/resources/resourcepack/texture.ts
ThrowInlineVisitor → ../../src/pack/visitors/throwInlineVisitor.ts
ThrowNode → ../../src/flow/throw.ts
ThrowPropagationVisitor → ../../src/pack/visitors/throwPropagationVisitor.ts
TimeArguments → ../../src/commands/implementations/world/time.ts
TimeCommand → ../../src/commands/implementations/world/time.ts
TimeCommandNode → ../../src/commands/implementations/world/time.ts
Timeline → ../../src/pack/pack.ts
TimelineClass → ../../src/core/resources/datapack/timeline.ts
TimelineNode → ../../src/core/resources/datapack/timeline.ts
TitleArgumentsCommand → ../../src/commands/implementations/player/title.ts
TitleCommand → ../../src/commands/implementations/player/title.ts
TitleCommandNode → ../../src/commands/implementations/player/title.ts
TradeSet → ../../src/pack/pack.ts
TradeSetClass → ../../src/core/resources/datapack/datacomponent/villagerTrade.ts
TradeSetNode → ../../src/core/resources/datapack/datacomponent/villagerTrade.ts
TransferCommand → ../../src/commands/implementations/player/transfer.ts
TransferCommandNode → ../../src/commands/implementations/player/transfer.ts
TrialSpawner → ../../src/pack/pack.ts
TrialSpawnerClass → ../../src/core/resources/datapack/datacomponent/trialSpawner.ts
TrialSpawnerNode → ../../src/core/resources/datapack/datacomponent/trialSpawner.ts
Trigger → ../../src/pack/pack.ts
TriggerArgumentsCommand → ../../src/commands/implementations/server/trigger.ts
TriggerClass → ../../src/variables/Trigger.ts
TriggerCommand → ../../src/commands/implementations/server/trigger.ts
TriggerCommandNode → ../../src/commands/implementations/server/trigger.ts
TrimMaterial → ../../src/pack/pack.ts
TrimMaterialClass → ../../src/core/resources/datapack/datacomponent/trimMaterial.ts
TrimMaterialNode → ../../src/core/resources/datapack/datacomponent/trimMaterial.ts
TrimPattern → ../../src/pack/pack.ts
TrimPatternClass → ../../src/core/resources/datapack/datacomponent/trimPattern.ts
TrimPatternNode → ../../src/core/resources/datapack/datacomponent/trimPattern.ts
UNTIL_CHILD_NAME → ../../src/flow/async/until.ts
UUID → ../../src/pack/pack.ts
UUIDClass → ../../src/variables/UUID.ts
UUIDConditionNode → ../../src/flow/conditions/variables/uuid.ts
UUIDData → ../../src/variables/UUID.ts
UUID_CACHE → ../../src/variables/UUID.ts
UUID_GROUP_SIZES → ../../src/variables/UUID.ts
UnifyChainedExecutesVisitor → ../../src/pack/visitors/unifyChainedExecutes.ts
UntilClass → ../../src/flow/async/until.ts
VILLAGER_PROFESSIONS_SET → ../../src/arguments/generated/_registry/villager_professions.ts
VILLAGER_TRADES_SET → ../../src/arguments/generated/_registry/villager_trades.ts
VILLAGER_TYPES_SET → ../../src/arguments/generated/_registry/villager_types.ts
Variable → ../../src/pack/pack.ts
Variant → ../../src/sandstone.ts
VariantClass → ../../src/core/resources/datapack/datacomponent/variant.ts
VariantNode → ../../src/core/resources/datapack/datacomponent/variant.ts
VectorClass → ../../src/variables/Coordinates.ts
VersionCommand → ../../src/commands/implementations/server/version.ts
VersionCommandNode → ../../src/commands/implementations/server/version.ts
VillagerTrade → ../../src/pack/pack.ts
VillagerTradeClass → ../../src/core/resources/datapack/datacomponent/villagerTrade.ts
VillagerTradeNode → ../../src/core/resources/datapack/datacomponent/villagerTrade.ts
WITH_CHILD_NAME → ../../src/flow/macro/with.ts
WOLF_SOUND_VARIANTS_SET → ../../src/arguments/generated/_registry/wolf_sound_variants.ts
WOLF_VARIANTS_SET → ../../src/arguments/generated/_registry/wolf_variants.ts
WORLDGEN_BIOMES_SET → ../../src/arguments/generated/_registry/worldgen_biomes.ts
WORLDGEN_BIOME_SOURCES_SET → ../../src/arguments/generated/_registry/worldgen_biome_sources.ts
WORLDGEN_BLOCK_STATE_PROVIDER_TYPES_SET → ../../src/arguments/generated/_registry/worldgen_block_state_provider_types.ts
WORLDGEN_CARVERS_SET → ../../src/arguments/generated/_registry/worldgen_carvers.ts
WORLDGEN_CARVER_TYPES_SET → ../../src/arguments/generated/_registry/worldgen_carver_types.ts
WORLDGEN_CHUNK_GENERATORS_SET → ../../src/arguments/generated/_registry/worldgen_chunk_generators.ts
WORLDGEN_DENSITY_FUNCTIONS_SET → ../../src/arguments/generated/_registry/worldgen_density_functions.ts
WORLDGEN_DENSITY_FUNCTION_TYPES_SET → ../../src/arguments/generated/_registry/worldgen_density_function_types.ts
WORLDGEN_FEATURES_SET → ../../src/arguments/generated/_registry/worldgen_features.ts
WORLDGEN_FEATURE_SIZE_TYPES_SET → ../../src/arguments/generated/_registry/worldgen_feature_size_types.ts
WORLDGEN_FEATURE_TYPES_SET → ../../src/arguments/generated/_registry/worldgen_feature_types.ts
WORLDGEN_FLAT_LEVEL_GENERATOR_PRESETS_SET → ../../src/arguments/generated/_registry/worldgen_flat_level_generator_presets.ts
WORLDGEN_FOLIAGE_PLACER_TYPES_SET → ../../src/arguments/generated/_registry/worldgen_foliage_placer_types.ts
WORLDGEN_MATERIAL_CONDITIONS_SET → ../../src/arguments/generated/_registry/worldgen_material_conditions.ts
WORLDGEN_MATERIAL_CONDITION_TYPES_SET → ../../src/arguments/generated/_registry/worldgen_material_condition_types.ts
WORLDGEN_MATERIAL_RULES_SET → ../../src/arguments/generated/_registry/worldgen_material_rules.ts
WORLDGEN_MATERIAL_RULE_TYPES_SET → ../../src/arguments/generated/_registry/worldgen_material_rule_types.ts
WORLDGEN_MULTI_NOISE_BIOME_SOURCE_PARAMETER_LISTS_SET → ../../src/arguments/generated/_registry/worldgen_multi_noise_biome_source_parameter_lists.ts
WORLDGEN_NOISES_SET → ../../src/arguments/generated/_registry/worldgen_noises.ts
WORLDGEN_NOISE_SETTINGS_SET → ../../src/arguments/generated/_registry/worldgen_noise_settings.ts
WORLDGEN_PLACED_FEATURES_SET → ../../src/arguments/generated/_registry/worldgen_placed_features.ts
WORLDGEN_PLACEMENT_MODIFIER_TYPES_SET → ../../src/arguments/generated/_registry/worldgen_placement_modifier_types.ts
WORLDGEN_POOL_ALIAS_BINDINGS_SET → ../../src/arguments/generated/_registry/worldgen_pool_alias_bindings.ts
WORLDGEN_PROCESSOR_LISTS_SET → ../../src/arguments/generated/_registry/worldgen_processor_lists.ts
WORLDGEN_ROOT_PLACER_TYPES_SET → ../../src/arguments/generated/_registry/worldgen_root_placer_types.ts
WORLDGEN_STRUCTURES_SET → ../../src/arguments/generated/_registry/worldgen_structures.ts
WORLDGEN_STRUCTURE_PIECES_SET → ../../src/arguments/generated/_registry/worldgen_structure_pieces.ts
WORLDGEN_STRUCTURE_PLACEMENTS_SET → ../../src/arguments/generated/_registry/worldgen_structure_placements.ts
WORLDGEN_STRUCTURE_POOL_ELEMENTS_SET → ../../src/arguments/generated/_registry/worldgen_structure_pool_elements.ts
WORLDGEN_STRUCTURE_PROCESSORS_SET → ../../src/arguments/generated/_registry/worldgen_structure_processors.ts
WORLDGEN_STRUCTURE_SETS_SET → ../../src/arguments/generated/_registry/worldgen_structure_sets.ts
WORLDGEN_STRUCTURE_TYPES_SET → ../../src/arguments/generated/_registry/worldgen_structure_types.ts
WORLDGEN_TEMPLATE_POOLS_SET → ../../src/arguments/generated/_registry/worldgen_template_pools.ts
WORLDGEN_TREE_DECORATOR_TYPES_SET → ../../src/arguments/generated/_registry/worldgen_tree_decorator_types.ts
WORLDGEN_TRUNK_PLACER_TYPES_SET → ../../src/arguments/generated/_registry/worldgen_trunk_placer_types.ts
WORLDGEN_WORLD_PRESETS_SET → ../../src/arguments/generated/_registry/worldgen_world_presets.ts
WORLD_CLOCKS_SET → ../../src/arguments/generated/_registry/world_clocks.ts
WaypointCommand → ../../src/commands/implementations/player/waypoint.ts
WaypointCommandNode → ../../src/commands/implementations/player/waypoint.ts
WaypointModifyArguments → ../../src/commands/implementations/player/waypoint.ts
WaypointStyle → ../../src/pack/pack.ts
WaypointStyleClass → ../../src/core/resources/resourcepack/waypointStyle.ts
WaypointStyleNode → ../../src/core/resources/resourcepack/waypointStyle.ts
WeatherCommand → ../../src/commands/implementations/world/weather.ts
WeatherCommandNode → ../../src/commands/implementations/world/weather.ts
WhileNode → ../../src/flow/loops/while.ts
WhileStatement → ../../src/flow/loops/while.ts
WithClass → ../../src/flow/macro/with.ts
WithNodeVisitor → ../../src/pack/visitors/withTransformationVisitor.ts
WorldBorderCommand → ../../src/commands/implementations/world/worldborder.ts
WorldBorderNode → ../../src/commands/implementations/world/worldborder.ts
WorldClock → ../../src/pack/pack.ts
WorldClockClass → ../../src/core/resources/datapack/timeline.ts
WorldClockNode → ../../src/core/resources/datapack/timeline.ts
ZOMBIE_NAUTILUS_VARIANTS_SET → ../../src/arguments/generated/_registry/zombie_nautilus_variants.ts
abs → ../../src/sandstone.ts
absolute → ../../src/variables/Coordinates.ts
add → ../../src/utils.ts
advancement → ../../src/commands/implementations/player/advancement.ts
ancestors → ../../src/core/visitors.ts
assignToResource → ../../src/core/sandstoneCore.ts
attribute → ../../src/commands/implementations/entity/attribute.ts
binaryFor → ../../src/flow/loops/binary_for.ts
bind → ../../src/commands/commands.ts
blockStateStringifier → ../../src/commands/implementations/block/setblock.ts
bossbar → ../../src/commands/implementations/player/bossbar.ts
buildAndChainExecute → ../../src/pack/visitors/ifElseTransformationVisitor.ts
buildFlagScoreRestructure → ../../src/pack/visitors/ifElseTransformationVisitor.ts
capitalize → ../../src/utils.ts
checkTagName → ../../src/commands/implementations/entity/tag.ts
clear → ../../src/commands/implementations/player/clear.ts
clone → ../../src/commands/implementations/block/clone.ts
commandsProxy → ../../src/sandstone.ts
comment → ../../src/commands/implementations/_fake/comment.ts
componentPatchStringifier → ../../src/commands/implementations/player/give.ts
compute → ../../src/commands/implementations/server/compute.ts
conditionToNode → ../../src/flow/Flow.ts
conflictDefaults → ../../src/pack/pack.ts
coordinatesParser → ../../src/variables/parsers.ts
coordinatesToNumbers → ../../src/commands/implementations/world/forceload.ts
createDeferredMacroExecute → ../../src/commands/implementations/entity/execute.ts
createLazyProxy → ../../src/utils.ts
createSandstonePack → ../../src/sandstone.ts
createVariable → ../../src/variables/Score.ts
customNumber → ../../src/variables/nbt/NBTs.ts
damage → ../../src/commands/implementations/entity/damage.ts
damageTypes → ../../src/core/resources/datapack/damageType.ts
data → ../../src/commands/implementations/world/data.ts
datapack → ../../src/commands/implementations/server/datapack.ts
debug → ../../src/commands/implementations/server/debug.ts
decodeStructure → ../../src/core/resources/datapack/structure.ts
defaultNamespace → ../../src/sandstone.ts
defaultVisitors → ../../src/pack/pack.ts
defaultgamemode → ../../src/commands/implementations/server/defaultgamemode.ts
depend → ../../src/sandstone.ts
dialog → ../../src/commands/implementations/player/dialog.ts
diff → ../../src/core/resources/datapack/structure.ts
difficulty → ../../src/commands/implementations/server/difficulty.ts
dynamicNBT → ../../src/variables/nbt/NBTs.ts
effect → ../../src/commands/implementations/entity/effect.ts
enchant → ../../src/commands/implementations/entity/enchant.ts
encodeStructure → ../../src/core/resources/datapack/structure.ts
execute → ../../src/commands/implementations/entity/execute.ts
executeSwitch → ../../src/flow/switch_case.ts
experience → ../../src/commands/implementations/player/experience.ts
extractNegatedAnd → ../../src/pack/visitors/ifElseTransformationVisitor.ts
extractNumber → ../../src/core/resources/datapack/structure.ts
fill → ../../src/commands/implementations/block/fill.ts
fillbiome → ../../src/commands/implementations/world/fillbiome.ts
flattenArgs → ../../src/pack/visitors/optimizeMacroTemporaries.ts
flattenChainOnly → ../../src/pack/visitors/ifElseTransformationVisitor.ts
flattenIfNode → ../../src/pack/visitors/ifElseTransformationVisitor.ts
floatNumberProviderArgument → ../../src/commands/implementations/server/compute.ts
flowVariable → ../../src/pack/pack.ts
forceload → ../../src/commands/implementations/world/forceload.ts
formatDebugString → ../../src/utils.ts
formatKey → ../../src/variables/nbt/NBTs.ts
functionCmd → ../../src/sandstone.ts
gamemode → ../../src/commands/implementations/player/gamemode.ts
gamerule → ../../src/commands/implementations/server/gamerule.ts
getEffectiveSingleCommand → ../../src/pack/visitors/simplifyExecuteFunction.ts
getEffectiveSingleCommand → ../../src/pack/visitors/simplifyReturnRunFunction.ts
getExecuteStore → ../../src/pack/visitors/optimizeMacroTemporaries.ts
getExistingResource → ../../src/sandstone.ts
getMacroCopy → ../../src/pack/visitors/optimizeMacroTemporaries.ts
getResourceTypeFromInstance → ../../src/arguments/basics.ts
getSandstoneContext → ../../src/context.ts
getTempStorage → ../../src/pack/pack.ts
getVanillaResource → ../../src/sandstone.ts
give → ../../src/commands/implementations/player/give.ts
grammar → ../../src/variables/nbt/grammar.ts
grammar_default → ../../src/variables/nbt/grammar.ts
handleMultipleNodes → ../../src/pack/visitors/ifElseTransformationVisitor.ts
hasContext → ../../src/context.ts
help → ../../src/commands/implementations/server/help.ts
id → ../../src/variables/nbt/grammar.ts
integerNumberProviderArgument → ../../src/commands/implementations/server/compute.ts
isCompoundNbt → ../../src/variables/nbt/parser.ts
isCompoundSymbol → ../../src/variables/nbt/grammar.ts
isConditionCase → ../../src/flow/switch_case.ts
isCoordinates → ../../src/commands/implementations/player/particle.ts
isMCFunctionClass → ../../src/core/resources/datapack/tag.ts
isMacroArgument → ../../src/core/Macro.ts
isMacroReset → ../../src/pack/visitors/optimizeMacroTemporaries.ts
isMapIterator → ../../src/flow/loops/for_of.ts
isMultipleVariable → ../../src/flow/loops/for_of.ts
isObjective → ../../src/commands/implementations/entity/execute.ts
isResource → ../../src/core/resources/datapack/tag.ts
isScore → ../../src/commands/implementations/entity/execute.ts
isScore → ../../src/commands/implementations/entity/scoreboard.ts
isTagClass → ../../src/core/resources/datapack/tag.ts
item → ../../src/commands/implementations/world/item.ts
jfr → ../../src/sandstone.ts
jsonStringify → ../../src/core/resources/resource.ts
kill → ../../src/commands/implementations/entity/kill.ts
list → ../../src/commands/implementations/server/list.ts
loadTags → ../../src/pack/pack.ts
loc → ../../src/sandstone.ts
local → ../../src/variables/Coordinates.ts
locate → ../../src/commands/implementations/world/locate.ts
loot → ../../src/commands/implementations/world/loot.ts
makeCallable → ../../src/utils.ts
makeCallableProxy → ../../src/utils.ts
makeClassCallable → ../../src/utils.ts
makeCustomResource → ../../src/pack/pack.ts
matchers → ../../src/variables/Score.ts
mcMetaCache → ../../src/sandstone.ts
me → ../../src/commands/implementations/server/me.ts
msg → ../../src/sandstone.ts
nbtResolver → ../../src/variables/nbt/NBTs.ts
normalizeModel → ../../src/core/resources/resourcepack/itemDefinition.ts
objectMap → ../../src/core/resources/datapack/structure.ts
objectToString → ../../src/core/resources/datapack/tag.ts
packMethodsProxy → ../../src/sandstone.ts
parseAdvancements → ../../src/variables/Selector.ts
parseExpression → ../../src/variables/nbt/parser.ts
parseJSONText → ../../src/variables/JSONTextComponentClass.ts
parseNBT → ../../src/variables/nbt/parser.ts
parseRaw → ../../src/variables/nbt/parser.ts
parseScore → ../../src/variables/Selector.ts
particle → ../../src/commands/implementations/player/particle.ts
perf → ../../src/sandstone.ts
place → ../../src/commands/implementations/block/place.ts
playsound → ../../src/commands/implementations/player/playsound.ts
random → ../../src/commands/implementations/server/random.ts
randomUUID → ../../src/utils.ts
rangeParser → ../../src/variables/parsers.ts
raw → ../../src/commands/implementations/_fake/raw.ts
recipe → ../../src/commands/implementations/player/recipe.ts
referencesStoragePoint → ../../src/pack/visitors/optimizeMacroTemporaries.ts
rel → ../../src/sandstone.ts
relative → ../../src/variables/Coordinates.ts
reload → ../../src/commands/implementations/server/reload.ts
resetContext → ../../src/context.ts
resetSandstonePack → ../../src/sandstone.ts
resolve → ../../src/variables/nbt/NBTs.ts
returnCmd → ../../src/sandstone.ts
ride → ../../src/commands/implementations/entity/ride.ts
rotate → ../../src/commands/implementations/entity/rotate.ts
rotationParser → ../../src/variables/parsers.ts
safeWrite → ../../src/utils.ts
same → ../../src/core/resources/datapack/structure.ts
sandstonePack → ../../src/sandstone.ts
sanitizeValue → ../../src/variables/parsers.ts
say → ../../src/commands/implementations/server/say.ts
schedule → ../../src/commands/implementations/server/schedule.ts
scoreboard → ../../src/commands/implementations/entity/scoreboard.ts
scoresParser → ../../src/commands/implementations/entity/scoreboard.ts
seed → ../../src/commands/implementations/world/seed.ts
setSandstoneContext → ../../src/context.ts
setblock → ../../src/commands/implementations/block/setblock.ts
setidletimeout → ../../src/commands/implementations/server/setidletimeout.ts
setworldspawn → ../../src/commands/implementations/world/setworldspawn.ts
spawnpoint → ../../src/commands/implementations/player/spawnpoint.ts
spectate → ../../src/commands/implementations/player/spectate.ts
spreadplayers → ../../src/commands/implementations/entity/spreadplayers.ts
stopsound → ../../src/commands/implementations/player/stopsound.ts
stopwatch → ../../src/commands/implementations/server/stopwatch.ts
structureMirrorParser → ../../src/variables/parsers.ts
structureRotationParser → ../../src/variables/parsers.ts
summon → ../../src/commands/implementations/entity/summon.ts
swing → ../../src/commands/implementations/entity/swing.ts
tag → ../../src/commands/implementations/entity/tag.ts
targetParser → ../../src/variables/parsers.ts
team → ../../src/commands/implementations/entity/team.ts
teammsg → ../../src/sandstone.ts
teleport → ../../src/commands/implementations/entity/teleport.ts
tell → ../../src/commands/implementations/server/tell.ts
tellraw → ../../src/commands/implementations/server/tellraw.ts
tempStorage → ../../src/pack/pack.ts
test → ../../src/commands/implementations/world/test.ts
time → ../../src/commands/implementations/world/time.ts
title → ../../src/commands/implementations/player/title.ts
tm → ../../src/sandstone.ts
toComponent → ../../src/variables/JSONTextComponentClass.ts
tp → ../../src/sandstone.ts
transfer → ../../src/commands/implementations/player/transfer.ts
trigger → ../../src/commands/implementations/server/trigger.ts
uuid → ../../src/utils.ts
uuidBytes → ../../src/utils.ts
validateIntegerRange → ../../src/commands/validators.ts
validateNumberOfChunks → ../../src/commands/implementations/world/forceload.ts
version → ../../src/commands/implementations/server/version.ts
w → ../../src/sandstone.ts
waypoint → ../../src/commands/implementations/player/waypoint.ts
weather → ../../src/commands/implementations/world/weather.ts
withCommands → ../../src/flow/macro/with.ts
worldborder → ../../src/commands/implementations/world/worldborder.ts
xp → ../../src/sandstone.ts"
`;
